EN topmodule9 NULL //fs-caedm/clkrbj/Documents/320/Lab9/Lab9/topModule9.vhd sub00/vhpl04 1351787835
EN seven_segment_display NULL //fs-caedm/clkrbj/Documents/320/Lab9/Lab9/seven_segment_display.vhd sub00/vhpl02 1351787833
EN rx NULL //fs-caedm/clkrbj/Documents/320/Lab9/Lab9/rx.vhd sub00/vhpl00 1351787831
AR topmodule9 behavioral //fs-caedm/clkrbj/Documents/320/Lab9/Lab9/topModule9.vhd sub00/vhpl05 1351787836
AR rx behavioral //fs-caedm/clkrbj/Documents/320/Lab9/Lab9/rx.vhd sub00/vhpl01 1351787832
AR seven_segment_display behavioral //fs-caedm/clkrbj/Documents/320/Lab9/Lab9/seven_segment_display.vhd sub00/vhpl03 1351787834
