V3 11
FL //fs-caedm/clkrbj/Documents/320/Lab8/Lab8/seven_segment_display.vhd 2012/10/09.13:41:04 P.15xf
EN work/seven_segment_display 1350601286 \
      FL //fs-caedm/clkrbj/Documents/320/Lab8/Lab8/seven_segment_display.vhd \
      PB ieee/std_logic_1164 1335251622 PB ieee/NUMERIC_STD 1335251627
AR work/seven_segment_display/Behavioral 1350601287 \
      FL //fs-caedm/clkrbj/Documents/320/Lab8/Lab8/seven_segment_display.vhd \
      EN work/seven_segment_display 1350601286
FL //fs-caedm/clkrbj/Documents/320/Lab8/Lab8/tx.vhd 2012/10/18.16:42:47 P.15xf
EN work/tx 1350601288 FL //fs-caedm/clkrbj/Documents/320/Lab8/Lab8/tx.vhd \
      PB ieee/std_logic_1164 1335251622 PB ieee/NUMERIC_STD 1335251627
AR work/tx/Behavioral 1350601289 \
      FL //fs-caedm/clkrbj/Documents/320/Lab8/Lab8/tx.vhd EN work/tx 1350601288
FL //fs-caedm/clkrbj/Documents/320/Lab8/Lab8/tx_top.vhd 2012/10/18.17:00:35 P.15xf
EN work/tx_top 1350601290 FL //fs-caedm/clkrbj/Documents/320/Lab8/Lab8/tx_top.vhd \
      PB ieee/std_logic_1164 1335251622 PB ieee/NUMERIC_STD 1335251627
AR work/tx_top/Behavioral 1350601291 \
      FL //fs-caedm/clkrbj/Documents/320/Lab8/Lab8/tx_top.vhd EN work/tx_top 1350601290 \
      CP work/seven_segment_display CP work/tx
